// Jest Snapshot v1, https://goo.gl/fbAQLP

exports[`<CreateDatasetDialog /> Snapshots should match snapshots 1`] = `
<Connect(CreateDatasetDialog)
  dispatch={[MockFunction]}
/>
`;

exports[`<CreateDatasetDialog /> onClickCancel should render onClickCancel correctly 1`] = `
<Connect(CreateDatasetDialog)
  dispatch={[MockFunction]}
/>
`;
