// Jest Snapshot v1, https://goo.gl/fbAQLP

exports[`<ErrorBoundary /> Snapshots: should render correctly 1`] = `""`;
