// Jest Snapshot v1, https://goo.gl/fbAQLP

exports[`<LinkDialog /> Creating an instance with test props Snapshots should render correctly 1`] = `
<div>
  <withTheme(DialogComponent)
    headerChildren="Link Dialog"
    isOpen={true}
    okChildren="RUN TEST"
    okDisabled={true}
    onClickCancel={[Function]}
    onClickClose={[Function]}
    onClickOk={[Function]}
    size="small"
    styleOverride={
      Object {
        "cancel": Object {
          "backgroundColor": "unset",
          "paddingLeft": "10px",
          "paddingRight": "10px",
        },
        "childContainer": Object {
          "marginBottom": "10px",
          "marginTop": "10px",
        },
        "header": Object {
          "borderBottom": "1px solid",
          "borderBottomColor": "#DADADA",
          "display": "flex",
          "flexDirection": "column",
          "height": "100%",
          "justifyContent": "center",
          "title": Object {
            "fontSize": "20px",
            "fontWeight": "bold",
            "marginLeft": "23px",
            "marginRight": "20px",
          },
          "titleIcon": Object {
            "marginRight": "20px",
          },
          "width": "100%",
        },
        "ok": Object {
          "marginLeft": "10px",
          "paddingLeft": "25px",
          "paddingRight": "25px",
        },
      }
    }
  >
    <div
      style={
        Object {
          "paddingTop": "40px",
          "textAlign": "left",
        }
      }
    >
      <withTheme(TextField)
        name="link"
        onChange={[Function]}
        onKeyDown={[Function]}
        placeholder="Enter URL"
        style={
          Object {
            "width": "435px",
          }
        }
        type="text"
      />
    </div>
  </withTheme(DialogComponent)>
</div>
`;
