// Jest Snapshot v1, https://goo.gl/fbAQLP

exports[`<TagDatasetsBeta /> Snapshots should match snapshots 1`] = `
<div
  className="openDatasetsContainer"
>
  <div
    className="openDatasetProgress"
  >
    <div
      className="progressContainer"
    >
      <p>
        Requested project does not have transformed datasets.
      </p>
    </div>
  </div>
</div>
`;
