// Jest Snapshot v1, https://goo.gl/fbAQLP

exports[`Overview should render overview component correctly with given props 1`] = `
<Route>
  <Component />
</Route>
`;
