// Jest Snapshot v1, https://goo.gl/fbAQLP

exports[`<ModelReview /> Snapshots should match with basic props 1`] = `""`;
