// Jest Snapshot v1, https://goo.gl/fbAQLP

exports[`ModelTestIntentsGrid Snapshots renders correctly for ModelTestIntentsGrid table 1`] = `
<withTheme(Table)
  columns={
    Array [
      Object {
        "Cell": [Function],
        "Header": "Rank",
        "accessor": "rank",
        "id": "Rank",
        "maxWidth": 200,
      },
      Object {
        "Header": "Intent",
        "accessor": "intent",
      },
      Object {
        "Cell": [Function],
        "Header": "Score",
        "accessor": "score",
      },
    ]
  }
  data={Array []}
  defaultSorted={
    Array [
      Object {
        "desc": false,
        "id": "Rank",
      },
    ]
  }
  id="ModelTestIntentsGrid"
  resizable={true}
  showPagination={false}
/>
`;
