// Jest Snapshot v1, https://goo.gl/fbAQLP

exports[`nonBreakingSpace snapshot predefined transformation 1`] = `
Object {
  "/\\\\xao/i": " ",
}
`;
